[14-Apr-2026 17:42:58 America/Santiago] PHP Warning:  require_once(/home/overales/public_html/public/../vendor/autoload.php): Failed to open stream: No such file or directory in /home/overales/public_html/public/index.php on line 8
[14-Apr-2026 17:42:58 America/Santiago] PHP Fatal error:  Uncaught Error: Failed opening required '/home/overales/public_html/public/../vendor/autoload.php' (include_path='.:/opt/cpanel/ea-php81/root/usr/share/pear') in /home/overales/public_html/public/index.php:8
Stack trace:
#0 /home/overales/public_html/index.php(6): require()
#1 {main}
  thrown in /home/overales/public_html/public/index.php on line 8
[14-Apr-2026 17:43:24 America/Santiago] PHP Warning:  require_once(/home/overales/public_html/public/../vendor/autoload.php): Failed to open stream: No such file or directory in /home/overales/public_html/public/index.php on line 8
[14-Apr-2026 17:43:24 America/Santiago] PHP Fatal error:  Uncaught Error: Failed opening required '/home/overales/public_html/public/../vendor/autoload.php' (include_path='.:/opt/cpanel/ea-php81/root/usr/share/pear') in /home/overales/public_html/public/index.php:8
Stack trace:
#0 /home/overales/public_html/index.php(6): require()
#1 {main}
  thrown in /home/overales/public_html/public/index.php on line 8
[14-Apr-2026 17:44:31 America/Santiago] PHP Warning:  require_once(/home/overales/public_html/public/../vendor/autoload.php): Failed to open stream: No such file or directory in /home/overales/public_html/public/index.php on line 8
[14-Apr-2026 17:44:31 America/Santiago] PHP Fatal error:  Uncaught Error: Failed opening required '/home/overales/public_html/public/../vendor/autoload.php' (include_path='.:/opt/cpanel/ea-php81/root/usr/share/pear') in /home/overales/public_html/public/index.php:8
Stack trace:
#0 /home/overales/public_html/index.php(8): require()
#1 {main}
  thrown in /home/overales/public_html/public/index.php on line 8
[14-Apr-2026 17:47:26 America/Santiago] PHP Warning:  require_once(/home/overales/public_html/public/../vendor/autoload.php): Failed to open stream: No such file or directory in /home/overales/public_html/public/index.php on line 8
[14-Apr-2026 17:47:26 America/Santiago] PHP Fatal error:  Uncaught Error: Failed opening required '/home/overales/public_html/public/../vendor/autoload.php' (include_path='.:/opt/cpanel/ea-php81/root/usr/share/pear') in /home/overales/public_html/public/index.php:8
Stack trace:
#0 /home/overales/public_html/index.php(8): require()
#1 {main}
  thrown in /home/overales/public_html/public/index.php on line 8
[14-Apr-2026 17:47:30 America/Santiago] PHP Warning:  require_once(/home/overales/public_html/public/../vendor/autoload.php): Failed to open stream: No such file or directory in /home/overales/public_html/public/index.php on line 8
[14-Apr-2026 17:47:30 America/Santiago] PHP Fatal error:  Uncaught Error: Failed opening required '/home/overales/public_html/public/../vendor/autoload.php' (include_path='.:/opt/cpanel/ea-php81/root/usr/share/pear') in /home/overales/public_html/public/index.php:8
Stack trace:
#0 /home/overales/public_html/index.php(8): require()
#1 {main}
  thrown in /home/overales/public_html/public/index.php on line 8
[14-Apr-2026 17:49:36 America/Santiago] PHP Warning:  require_once(/home/overales/public_html/public/../core/Autoloader.php): Failed to open stream: No such file or directory in /home/overales/public_html/public/index.php on line 10
[14-Apr-2026 17:49:36 America/Santiago] PHP Fatal error:  Uncaught Error: Failed opening required '/home/overales/public_html/public/../core/Autoloader.php' (include_path='.:/opt/cpanel/ea-php81/root/usr/share/pear') in /home/overales/public_html/public/index.php:10
Stack trace:
#0 /home/overales/public_html/index.php(8): require()
#1 {main}
  thrown in /home/overales/public_html/public/index.php on line 10
